﻿
> data@0.0.0 build
> vite build

[36mvite v8.0.3 [32mbuilding client environment for production...[36m[39m
[2K
transforming...Γ£ô 2276 modules transformed.
rendering chunks...
computing gzip size...
dist/index.html                   0.45 kB Γöé gzip:   0.29 kB
dist/assets/index-DYW70O7c.css   21.37 kB Γöé gzip:   4.79 kB
dist/assets/index-B0Dbjbf7.js   574.56 kB Γöé gzip: 171.04 kB

node.exe : [33m[plugin 
builtin:vite-reporter] 
At line:1 char:1
+ & "C:\Program 
Files\nodejs/node.exe" 
"C:\Program 
Files\nodejs/node_mo ...
+ ~~~~~~~~~~~~~~~~~~~~~~~~~
~~~~~~~~~~~~~~~~~~~~~~~~~~~
~~~~~~~~~~~~~~~~~
    + CategoryInfo         
     : NotSpecified: ([3  
  3m[plugin builtin:vite   
 -reporter] :String) []    
, RemoteException
    + FullyQualifiedErrorI 
   d : NativeCommandError
 
(!) Some chunks are larger 
than 500 kB after 
minification. Consider:
- Using dynamic import() 
to code-split the 
application
- Use build.rolldownOptions
.output.codeSplitting to 
improve chunking: https://r
olldown.rs/reference/Output
Options.codeSplitting
- Adjust chunk size limit 
for this warning via build.
chunkSizeWarningLimit.[39m
[31mΓ£ù[39m Build failed 
in 1.01s
[31merror during build:
[31mBuild failed with 1 
error:

Error: [vite]: Rolldown 
failed to resolve import 
"react-is" from 
"C:/Users/new user/Download
s/data/node_modules/rechart
s/es6/util/ReactUtils.js".
This is most likely 
unintended because it can 
break your application at 
runtime.
If you do want to 
externalize this module 
explicitly add it to
`build.rollupOptions.extern
al`
    at viteLog (file:///C:/
Users/new%20user/Downloads/
data/node_modules/vite/dist
/node/chunks/node.js:32942:
57)
    at file:///C:/Users/new
%20user/Downloads/data/node
_modules/vite/dist/node/chu
nks/node.js:32978:71
    at onwarn (file:///C:/U
sers/new%20user/Downloads/d
ata/node_modules/@vitejs/pl
ugin-react/dist/index.js:40
:7)
    at file:///C:/Users/new
%20user/Downloads/data/node
_modules/vite/dist/node/chu
nks/node.js:32978:28
    at onRollupLog (file://
/C:/Users/new%20user/Downlo
ads/data/node_modules/vite/
dist/node/chunks/node.js:32
973:63)
    at onLog (file:///C:/Us
ers/new%20user/Downloads/da
ta/node_modules/vite/dist/n
ode/chunks/node.js:32743:4)
    at file:///C:/Users/new
%20user/Downloads/data/node
_modules/rolldown/dist/shar
ed/rolldown-build-CPrIX9V6.
mjs:49:26
    at logger (file:///C:/U
sers/new%20user/Downloads/d
ata/node_modules/rolldown/d
ist/shared/rolldown-build-C
PrIX9V6.mjs:40:3)
    at onLog (file:///C:/Us
ers/new%20user/Downloads/da
ta/node_modules/rolldown/di
st/shared/bindingify-input-
options-e7ze4hPR.mjs:1972:3
2)[31m
    at aggregateBindingErro
rsIntoJsError (file:///C:/U
sers/new%20user/Downloads/d
ata/node_modules/rolldown/d
ist/shared/error-BLhcSyeg.m
js:48:18)
    at unwrapBindingResult 
(file:///C:/Users/new%20use
r/Downloads/data/node_modul
es/rolldown/dist/shared/err
or-BLhcSyeg.mjs:18:128)
    at #build (file:///C:/U
sers/new%20user/Downloads/d
ata/node_modules/rolldown/d
ist/shared/rolldown-build-C
PrIX9V6.mjs:3313:34)
    at async 
buildEnvironment (file:///C
:/Users/new%20user/Download
s/data/node_modules/vite/di
st/node/chunks/node.js:3284
9:64)
    at async Object.build (
file:///C:/Users/new%20user
/Downloads/data/node_module
s/vite/dist/node/chunks/nod
e.js:33271:19)
    at async 
Object.buildApp (file:///C:
/Users/new%20user/Downloads
/data/node_modules/vite/dis
t/node/chunks/node.js:33268
:153)
    at async 
CAC.<anonymous> (file:///C:
/Users/new%20user/Downloads
/data/node_modules/vite/dis
t/node/cli.js:778:3) {
  errors: [Getter/Setter]
}[39m
